[debug] [2026-01-26T15:56:44.116Z] ----------------------------------------------------------------------
[debug] [2026-01-26T15:56:44.119Z] Command:       C:\Program Files\nodejs\node.exe C:\Users\Antonio.Appleton\AppData\Local\npm-cache\_npx\56ff672e197247c7\node_modules\firebase-tools\lib\bin\firebase.js deploy --only functions
[debug] [2026-01-26T15:56:44.120Z] CLI Version:   13.20.0
[debug] [2026-01-26T15:56:44.120Z] Platform:      win32
[debug] [2026-01-26T15:56:44.120Z] Node Version:  v18.12.1
[debug] [2026-01-26T15:56:44.122Z] Time:          Mon Jan 26 2026 15:56:44 GMT+0000 (Hora padrão da Europa Ocidental)
[debug] [2026-01-26T15:56:44.122Z] ----------------------------------------------------------------------
[debug] 
[debug] [2026-01-26T15:56:44.223Z] > command requires scopes: ["email","openid","https://www.googleapis.com/auth/cloudplatformprojects.readonly","https://www.googleapis.com/auth/firebase","https://www.googleapis.com/auth/cloud-platform"]
[debug] [2026-01-26T15:56:44.224Z] > authorizing via signed-in user (antonioappleton@gmail.com)
[debug] [2026-01-26T15:56:44.224Z] [iam] checking project omeucarro-d3889 for permissions ["cloudfunctions.functions.create","cloudfunctions.functions.delete","cloudfunctions.functions.get","cloudfunctions.functions.list","cloudfunctions.functions.update","cloudfunctions.operations.get","firebase.projects.get"]
[debug] [2026-01-26T15:56:44.226Z] > refreshing access token with scopes: []
[debug] [2026-01-26T15:56:44.228Z] >>> [apiv2][query] POST https://www.googleapis.com/oauth2/v3/token [none]
[debug] [2026-01-26T15:56:44.229Z] >>> [apiv2][body] POST https://www.googleapis.com/oauth2/v3/token [omitted]
[debug] [2026-01-26T15:56:44.420Z] <<< [apiv2][status] POST https://www.googleapis.com/oauth2/v3/token 400
[debug] [2026-01-26T15:56:44.421Z] <<< [apiv2][body] POST https://www.googleapis.com/oauth2/v3/token [omitted]
[debug] [2026-01-26T15:56:44.421Z] >>> [apiv2][query] POST https://cloudresourcemanager.googleapis.com/v1/projects/omeucarro-d3889:testIamPermissions [none]
[debug] [2026-01-26T15:56:44.421Z] >>> [apiv2][(partial)header] POST https://cloudresourcemanager.googleapis.com/v1/projects/omeucarro-d3889:testIamPermissions x-goog-quota-user=projects/omeucarro-d3889
[debug] [2026-01-26T15:56:44.421Z] >>> [apiv2][body] POST https://cloudresourcemanager.googleapis.com/v1/projects/omeucarro-d3889:testIamPermissions {"permissions":["cloudfunctions.functions.create","cloudfunctions.functions.delete","cloudfunctions.functions.get","cloudfunctions.functions.list","cloudfunctions.functions.update","cloudfunctions.operations.get","firebase.projects.get"]}
[debug] [2026-01-26T15:56:44.863Z] <<< [apiv2][status] POST https://cloudresourcemanager.googleapis.com/v1/projects/omeucarro-d3889:testIamPermissions 401
[debug] [2026-01-26T15:56:44.863Z] <<< [apiv2][body] POST https://cloudresourcemanager.googleapis.com/v1/projects/omeucarro-d3889:testIamPermissions {"error":{"code":401,"message":"Request had invalid authentication credentials. Expected OAuth 2 access token, login cookie or other valid authentication credential. See https://developers.google.com/identity/sign-in/web/devconsole-project.","status":"UNAUTHENTICATED","details":[{"@type":"type.googleapis.com/google.rpc.ErrorInfo","reason":"ACCESS_TOKEN_TYPE_UNSUPPORTED","metadata":{"method":"google.cloudresourcemanager.v1.Projects.TestIamPermissions","service":"cloudresourcemanager.googleapis.com"}}]}}
[debug] [2026-01-26T15:56:44.864Z] [iam] error while checking permissions, command may fail: FirebaseError: HTTP Error: 401, Request had invalid authentication credentials. Expected OAuth 2 access token, login cookie or other valid authentication credential. See https://developers.google.com/identity/sign-in/web/devconsole-project.
[debug] [2026-01-26T15:56:44.864Z] > refreshing access token with scopes: []
[debug] [2026-01-26T15:56:44.865Z] >>> [apiv2][query] POST https://www.googleapis.com/oauth2/v3/token [none]
[debug] [2026-01-26T15:56:44.865Z] >>> [apiv2][body] POST https://www.googleapis.com/oauth2/v3/token [omitted]
[debug] [2026-01-26T15:56:44.979Z] <<< [apiv2][status] POST https://www.googleapis.com/oauth2/v3/token 400
[debug] [2026-01-26T15:56:44.979Z] <<< [apiv2][body] POST https://www.googleapis.com/oauth2/v3/token [omitted]
[debug] [2026-01-26T15:56:44.980Z] >>> [apiv2][query] POST https://iam.googleapis.com/v1/projects/omeucarro-d3889/serviceAccounts/omeucarro-d3889@appspot.gserviceaccount.com:testIamPermissions [none]
[debug] [2026-01-26T15:56:44.980Z] >>> [apiv2][body] POST https://iam.googleapis.com/v1/projects/omeucarro-d3889/serviceAccounts/omeucarro-d3889@appspot.gserviceaccount.com:testIamPermissions {"permissions":["iam.serviceAccounts.actAs"]}
[debug] [2026-01-26T15:56:45.683Z] <<< [apiv2][status] POST https://iam.googleapis.com/v1/projects/omeucarro-d3889/serviceAccounts/omeucarro-d3889@appspot.gserviceaccount.com:testIamPermissions 401
[debug] [2026-01-26T15:56:45.683Z] <<< [apiv2][body] POST https://iam.googleapis.com/v1/projects/omeucarro-d3889/serviceAccounts/omeucarro-d3889@appspot.gserviceaccount.com:testIamPermissions {"error":{"code":401,"message":"Request had invalid authentication credentials. Expected OAuth 2 access token, login cookie or other valid authentication credential. See https://developers.google.com/identity/sign-in/web/devconsole-project.","status":"UNAUTHENTICATED","details":[{"@type":"type.googleapis.com/google.rpc.ErrorInfo","reason":"ACCESS_TOKEN_TYPE_UNSUPPORTED","metadata":{"method":"google.iam.admin.v1.IAM.TestIamPermissions","service":"iam.googleapis.com"}}]}}
[debug] [2026-01-26T15:56:45.683Z] [functions] service account IAM check errored, deploy may fail: HTTP Error: 401, Request had invalid authentication credentials. Expected OAuth 2 access token, login cookie or other valid authentication credential. See https://developers.google.com/identity/sign-in/web/devconsole-project. {"name":"FirebaseError","children":[],"context":{"body":{"error":{"code":401,"message":"Request had invalid authentication credentials. Expected OAuth 2 access token, login cookie or other valid authentication credential. See https://developers.google.com/identity/sign-in/web/devconsole-project.","status":"UNAUTHENTICATED","details":[{"@type":"type.googleapis.com/google.rpc.ErrorInfo","reason":"ACCESS_TOKEN_TYPE_UNSUPPORTED","metadata":{"method":"google.iam.admin.v1.IAM.TestIamPermissions","service":"iam.googleapis.com"}}]}},"response":{"statusCode":401}},"exit":1,"message":"HTTP Error: 401, Request had invalid authentication credentials. Expected OAuth 2 access token, login cookie or other valid authentication credential. See https://developers.google.com/identity/sign-in/web/devconsole-project.","status":401}
[info] 
[info] === Deploying to 'omeucarro-d3889'...
[info] 
[info] i  deploying functions 
[debug] [2026-01-26T15:56:45.687Z] > refreshing access token with scopes: []
[debug] [2026-01-26T15:56:45.688Z] >>> [apiv2][query] POST https://www.googleapis.com/oauth2/v3/token [none]
[debug] [2026-01-26T15:56:45.688Z] >>> [apiv2][body] POST https://www.googleapis.com/oauth2/v3/token [omitted]
[debug] [2026-01-26T15:56:45.791Z] <<< [apiv2][status] POST https://www.googleapis.com/oauth2/v3/token 400
[debug] [2026-01-26T15:56:45.791Z] <<< [apiv2][body] POST https://www.googleapis.com/oauth2/v3/token [omitted]
[debug] [2026-01-26T15:56:45.792Z] >>> [apiv2][query] GET https://firebase.googleapis.com/v1beta1/projects/omeucarro-d3889 [none]
[debug] [2026-01-26T15:56:45.943Z] <<< [apiv2][status] GET https://firebase.googleapis.com/v1beta1/projects/omeucarro-d3889 401
[debug] [2026-01-26T15:56:45.943Z] <<< [apiv2][body] GET https://firebase.googleapis.com/v1beta1/projects/omeucarro-d3889 {"error":{"code":401,"message":"Request had invalid authentication credentials. Expected OAuth 2 access token, login cookie or other valid authentication credential. See https://developers.google.com/identity/sign-in/web/devconsole-project.","status":"UNAUTHENTICATED"}}
[debug] [2026-01-26T15:56:45.943Z] HTTP Error: 401, Request had invalid authentication credentials. Expected OAuth 2 access token, login cookie or other valid authentication credential. See https://developers.google.com/identity/sign-in/web/devconsole-project.
[debug] [2026-01-26T15:56:46.075Z] FirebaseError: HTTP Error: 401, Request had invalid authentication credentials. Expected OAuth 2 access token, login cookie or other valid authentication credential. See https://developers.google.com/identity/sign-in/web/devconsole-project.
    at responseToError (C:\Users\Antonio.Appleton\AppData\Local\npm-cache\_npx\56ff672e197247c7\node_modules\firebase-tools\lib\responseToError.js:49:12)
    at RetryOperation._fn (C:\Users\Antonio.Appleton\AppData\Local\npm-cache\_npx\56ff672e197247c7\node_modules\firebase-tools\lib\apiv2.js:305:77)
    at process.processTicksAndRejections (node:internal/process/task_queues:95:5)
[error] 
[error] Error: Failed to get Firebase project omeucarro-d3889. Please make sure the project exists and your account has permission to access it.
